{"created_at":"1998-11-19T00:00:00Z","name":"Gordon Freeman","id":1,"verified":true}
{"created_at":"2004-11-16T00:00:00Z","name":"Wallace Breen","id":2,"verified":true}
{"created_at":"1998-11-19T00:00:00Z","name":"G-Man","id":3,"verified":false}
{"created_at":"1998-11-19T00:00:00Z","name":"Barney Calhoun","id":4,"verified":true}
{"created_at":"1998-11-19T00:00:00Z","name":"Eli Vance","id":5,"verified":true}
